
> hampistays-frontend@1.0.0 build
> vite build

[36mvite v8.0.13 [32mbuilding client environment for production...[36m[39m
[2K
node.exe : 
At line:1 char:1
+ & "C:\Program Files\nodejs/node.exe" "C:\Users\sanju\AppData\Roaming\ ...
+ ~~~~~~~~~~~~~~~~~~~~~~~~~~~~~~~~~~~~~~~~~~~~~~~~~~~~~~~~~~~~~~~~~~~~~
    + CategoryInfo          : NotSpecified: (:String) [], RemoteException
    + FullyQualifiedErrorId : NativeCommandError
 
/images/pattern.png referenced in /images/pattern.png didn't resolve at build time, it will remain unchanged to be 
resolved at runtime
transforming...Γ£ô 3608 modules transformed.
rendering chunks...
[31mΓ£ù[39m Build failed in 1.76s

PWA v1.3.0
mode      generateSW
precache  5 entries (0.00 KiB)
files generated
  dist/sw.js.map
  dist/sw.js
  dist/workbox-9c191d2f.js.map
  dist/workbox-9c191d2f.js
warnings
  One of the glob patterns doesn't match any files. Please remove or fix the following: {
  "globDirectory": "C:\\Users\\sanju\\Desktop\\Hampi-Stays\\frontend\\dist",
  "globPattern": "**/*.{js,wasm,css,html}",
  "globIgnores": [
    "**/node_modules/**/*",
    "sw.js",
    "workbox-*.js"
  ]
}

[31merror during build:
[31mBuild failed with 1 error:

[31m[MISSING_EXPORT] [0m"default" is not exported by "src/utils/apiClient.ts".
   [38;5;246mΓò¡[0m[38;5;246mΓöÇ[0m[38;5;246m[[0m src/components/guide/GuideReviewModal.tsx:5:8 [38;5;246m][0m
   [38;5;246mΓöé[0m
 [38;5;246m5 Γöé[0m 
[38;5;249mi[0m[38;5;249mm[0m[38;5;249mp[0m[38;5;249mo[0m[38;5;249mr[0m[38;5;249mt[0m[38;5;249m 
[0mapiClient[38;5;249m [0m[38;5;249mf[0m[38;5;249mr[0m[38;5;249mo[0m[38;5;249mm[0m[38;5;249m [0m[38;5;249
m"[0m[38;5;249m.[0m[38;5;249m.[0m[38;5;249m/[0m[38;5;249m.[0m[38;5;249m.[0m[38;5;249m/[0m[38;5;249mu[0m
[38;5;249mt[0m[38;5;249mi[0m[38;5;249ml[0m[38;5;249ms[0m[38;5;249m/[0m[38;5;249ma[0m[38;5;249mp[0m[38;5;2
49mi[0m[38;5;249mC[0m[38;5;249ml[0m[38;5;249mi[0m[38;5;249me[0m[38;5;249mn[0m[38;5;249mt[0m[38;5;249m"[0
m[38;5;249m;[0m
 [38;5;240m  Γöé[0m        ΓöÇΓöÇΓöÇΓöÇΓö¼ΓöÇΓöÇΓöÇΓöÇ  
 [38;5;240m  Γöé[0m            Γò░ΓöÇΓöÇΓöÇΓöÇΓöÇΓöÇ Missing export
[38;5;246mΓöÇΓöÇΓöÇΓò»[0m
[31m
    at aggregateBindingErrorsIntoJsError 
(file:///C:/Users/sanju/Desktop/Hampi-Stays/node_modules/rolldown/dist/shared/error-CkdMJ9ps.mjs:48:18)
    at unwrapBindingResult 
(file:///C:/Users/sanju/Desktop/Hampi-Stays/node_modules/rolldown/dist/shared/error-CkdMJ9ps.mjs:18:128)
    at #build 
(file:///C:/Users/sanju/Desktop/Hampi-Stays/node_modules/rolldown/dist/shared/rolldown-build-BVD3dIdE.mjs:3275:34)
    at async buildEnvironment 
(file:///C:/Users/sanju/Desktop/Hampi-Stays/node_modules/vite/dist/node/chunks/node.js:33133:64)
    at async Object.build 
(file:///C:/Users/sanju/Desktop/Hampi-Stays/node_modules/vite/dist/node/chunks/node.js:33555:19)
    at async Object.buildApp 
(file:///C:/Users/sanju/Desktop/Hampi-Stays/node_modules/vite/dist/node/chunks/node.js:33552:153)
    at async CAC.<anonymous> (file:///C:/Users/sanju/Desktop/Hampi-Stays/node_modules/vite/dist/node/cli.js:777:3) {
  errors: [Getter/Setter]
}[39m
npm error Lifecycle script `build` failed with error:
npm error code 1
npm error path C:\Users\sanju\Desktop\Hampi-Stays\frontend
npm error workspace hampistays-frontend@1.0.0
npm error location C:\Users\sanju\Desktop\Hampi-Stays\frontend
npm error command failed
npm error command C:\WINDOWS\system32\cmd.exe /d /s /c vite build
